Archive member included because of file (symbol)

../cross_compiler/lib/gcc/arm-none-eabi/4.8.1//libgcc.a(_udivsi3.o)
                              binaries/qsort.o (__aeabi_uidiv)
../cross_compiler/lib/gcc/arm-none-eabi/4.8.1//libgcc.a(_divsi3.o)
                              binaries/doprnt.o (__aeabi_idiv)
../cross_compiler/lib/gcc/arm-none-eabi/4.8.1//libgcc.a(_dvmd_tls.o)
                              ../cross_compiler/lib/gcc/arm-none-eabi/4.8.1//libgcc.a(_udivsi3.o) (__aeabi_idiv0)
../cross_compiler/lib/gcc/arm-none-eabi/4.8.1//libgcc.a(_arm_muldivdf3.o)
                              binaries/doprnt.o (__aeabi_dmul)
../cross_compiler/lib/gcc/arm-none-eabi/4.8.1//libgcc.a(_arm_cmpdf2.o)
                              binaries/doprnt.o (__aeabi_dcmplt)
../cross_compiler/lib/gcc/arm-none-eabi/4.8.1//libgcc.a(_arm_fixdfsi.o)
                              binaries/doprnt.o (__aeabi_d2iz)

Allocating common symbols
Common symbol       size              file

netbufpool          0x4               binaries/net.o
readylist           0x2               binaries/ready.o
rfltab              0x5a0             binaries/rflinit.o
netportseed         0x4               binaries/net.o
sleepq              0x2               binaries/clkinit.o
intc_vector         0x200             binaries/evec.o
nnames              0x4               binaries/naminit.o
udptab              0x168             binaries/udp.o
minheap             0x4               binaries/meminit.o
marks               0x50              binaries/mark.o
A                   0x4               binaries/main.o
currpid             0x4               binaries/initialize.o
Lf_data             0x20c             binaries/lfsinit.o
porttab             0x2d0             binaries/ptinit.o
ttytab              0x110             binaries/ttyinit.o
proctab             0xdf70            binaries/initialize.o
eth_a_regs          0x1c              binaries/ethinit.o
prcount             0x4               binaries/initialize.o
lfltab              0xf00             binaries/lflinit.o
B                   0x4               binaries/main.o
rdstab              0x8c              binaries/rdsinit.o
ethertab            0x138             binaries/ethinit.o
NetData             0xb0              binaries/net.o
clktime_ms          0x4               binaries/clkinit.o
nmarks              0x4               binaries/mark.o
Defer               0x8               binaries/resched.o
semtab              0xe10             binaries/initialize.o
pendingPublishQueue
                    0xb0              binaries/initialize.o
maxheap             0x4               binaries/meminit.o
preempt             0x4               binaries/clkinit.o
buftab              0xf0              binaries/bufinit.o
Rf_data             0x18              binaries/rfsinit.o
mkmutex             0x4               binaries/mark.o
result              0x2               binaries/hexToDec.o
clktime             0x4               binaries/clkinit.o
arpcache            0x140             binaries/arp.o
icmptab             0x230             binaries/icmp.o
nbpools             0x4               binaries/bufinit.o
queuetab            0x1600            binaries/queue.o
ptnextid            0x4               binaries/ptinit.o
Ram                 0x19000           binaries/raminit.o
ipoqueue            0x2c              binaries/ip.o
topicTab            0x6800            binaries/initialize.o
memlist             0x8               binaries/initialize.o
ledtab              0x1               binaries/ledinit.o
nametab             0x19a0            binaries/naminit.o
ptfree              0x4               binaries/ptinit.o

Memory Configuration

Name             Origin             Length             Attributes
*default*        0x00000000         0xffffffff

Linker script and memory map

                0x81000000                physbase = 0x81000000
                0x81000000                . = physbase
                0x81000000                . = ALIGN (0x1000)

.text           0x81000000    0x16000
                0x81000000                text = ABSOLUTE (.)
 *(.text .text.*)
 .text          0x81000000       0x4c binaries/start.o
                0x81000000                start
 .text          0x8100004c      0x33c binaries/ascdate.o
                0x8100004c                ascdate
 .text          0x81000388      0x1e0 binaries/broker.o
                0x81000388                consume
                0x81000438                broker
                0x8100055c                fmin
 .text          0x81000568       0x18 binaries/bufinit.o
                0x81000568                bufinit
 .text          0x81000580       0x68 binaries/chprio.o
                0x81000580                chprio
 .text          0x810005e8      0x104 binaries/clkhandler.o
                0x810005e8                clkhandler
 .text          0x810006ec       0xe0 binaries/clkinit.o
                0x810006ec                clkinit
 .text          0x810007cc       0x50 binaries/close.o
                0x810007cc                close
 .text          0x8100081c        0x0 binaries/conf.o
 .text          0x8100081c       0x68 binaries/control.o
                0x8100081c                control
 .text          0x81000884      0x298 binaries/create.o
                0x81000884                create
 .text          0x81000b1c       0xb0 binaries/evec.o
                0x81000b1c                initintc
                0x81000b48                set_evec
                0x81000b88                irq_dispatch
 .text          0x81000bcc       0x10 binaries/exit.o
                0x81000bcc                exit
 .text          0x81000bdc       0x7c binaries/freebuf.o
                0x81000bdc                freebuf
 .text          0x81000c58      0x148 binaries/freemem.o
                0x81000c58                freemem
 .text          0x81000da0       0x78 binaries/getbuf.o
                0x81000da0                getbuf
 .text          0x81000e18       0x50 binaries/getc.o
                0x81000e18                getc
 .text          0x81000e68       0x68 binaries/getdev.o
                0x81000e68                getdev
 .text          0x81000ed0       0xa0 binaries/getitem.o
                0x81000ed0                getitem
                0x81000f00                getfirst
                0x81000f34                getlast
 .text          0x81000f70      0x108 binaries/getmem.o
                0x81000f70                getmem
 .text          0x81001078       0x10 binaries/getpid.o
                0x81001078                getpid
 .text          0x81001088       0x5c binaries/getprio.o
                0x81001088                getprio
 .text          0x810010e4       0xc8 binaries/getstk.o
                0x810010e4                getstk
 .text          0x810011ac        0x8 binaries/getticks.o
                0x810011ac                getticks
 .text          0x810011b4       0x38 binaries/gettime.o
                0x810011b4                gettime
 .text          0x810011ec      0x1f4 binaries/getutime.o
                0x810011ec                getutime
 .text          0x810013e0       0x1c binaries/hexToDec.o
                0x810013e0                hexToDec
 .text          0x810013fc       0x50 binaries/init.o
                0x810013fc                init
 .text          0x8100144c      0x348 binaries/initialize.o
                0x810014f4                nulluser
                0x81001734                stop
                0x81001758                delay
 .text          0x81001794       0xd4 binaries/insert.o
                0x81001794                insert
 .text          0x81001868      0x138 binaries/insertd.o
                0x81001868                insertd
 .text          0x810019a0        0x8 binaries/ioerr.o
                0x810019a0                ioerr
 .text          0x810019a8        0x8 binaries/ionull.o
                0x810019a8                ionull
 .text          0x810019b0      0x19c binaries/kill.o
                0x810019b0                kill
 .text          0x81001b4c       0xd0 binaries/kprintf.o
                0x81001b4c                kputc
                0x81001b9c                kgetc
                0x81001bdc                kprintf
 .text          0x81001c1c       0x14 binaries/ledOff.o
                0x81001c1c                ledOff
 .text          0x81001c30       0x14 binaries/ledOn.o
                0x81001c30                ledOn
 .text          0x81001c44      0x168 binaries/main.o
                0x81001c44                processA
                0x81001cac                processB
                0x81001d14                a
                0x81001d48                b
                0x81001d7c                main
 .text          0x81001dac       0x2c binaries/makeCopy.o
                0x81001dac                makeCopy
 .text          0x81001dd8       0xd0 binaries/mark.o
                0x81001dd8                markinit
                0x81001e04                mark
 .text          0x81001ea8       0x48 binaries/meminit.o
                0x81001ea8                meminit
 .text          0x81001ef0      0x140 binaries/mkbufpool.o
                0x81001ef0                mkbufpool
 .text          0x81002030       0x7c binaries/newqueue.o
                0x81002030                newqueue
 .text          0x810020ac       0x60 binaries/open.o
                0x810020ac                open
 .text          0x8100210c       0x20 binaries/panic.o
                0x8100210c                panic
 .text          0x8100212c       0xac binaries/platinit.o
                0x8100212c                counterinit
                0x81002144                platinit
 .text          0x810021d8       0xa8 binaries/ptclear.o
                0x810021d8                _ptclear
 .text          0x81002280       0x78 binaries/ptcount.o
                0x81002280                ptcount
 .text          0x810022f8       0xdc binaries/ptcreate.o
                0x810022f8                ptcreate
 .text          0x810023d4       0x74 binaries/ptdelete.o
                0x810023d4                ptdelete
 .text          0x81002448       0xbc binaries/ptinit.o
                0x81002448                ptinit
 .text          0x81002504       0xd0 binaries/ptrecv.o
                0x81002504                ptrecv
 .text          0x810025d4       0x68 binaries/ptreset.o
                0x810025d4                ptreset
 .text          0x8100263c       0xf4 binaries/ptsend.o
                0x8100263c                ptsend
 .text          0x81002730      0x194 binaries/publish.o
                0x81002730                produce
                0x8100284c                publish
 .text          0x810028c4       0x58 binaries/putc.o
                0x810028c4                putc
 .text          0x8100291c       0xfc binaries/queue.o
                0x8100291c                enqueue
                0x810029b8                dequeue
 .text          0x81002a18       0x60 binaries/read.o
                0x81002a18                read
 .text          0x81002a78       0x74 binaries/ready.o
                0x81002a78                ready
 .text          0x81002aec       0x60 binaries/receive.o
                0x81002aec                receive
 .text          0x81002b4c       0x48 binaries/recvclr.o
                0x81002b4c                recvclr
 .text          0x81002b94       0xb0 binaries/recvtime.o
                0x81002b94                recvtime
 .text          0x81002c44      0x1ac binaries/resched.o
                0x81002c44                resched
                0x81002d34                resched_cntl
 .text          0x81002df0       0x90 binaries/resume.o
                0x81002df0                resume
 .text          0x81002e80       0x58 binaries/seek.o
                0x81002e80                seek
 .text          0x81002ed8       0x58 binaries/semcount.o
                0x81002ed8                semcount
 .text          0x81002f30       0xc4 binaries/semcreate.o
                0x81002f30                semcreate
 .text          0x81002ff4       0xac binaries/semdelete.o
                0x81002ff4                semdelete
 .text          0x810030a0       0xa4 binaries/semreset.o
                0x810030a0                semreset
 .text          0x81003144       0xc0 binaries/send.o
                0x81003144                send
 .text          0x81003204       0x80 binaries/signal.o
                0x81003204                signal
 .text          0x81003284       0xb0 binaries/signaln.o
                0x81003284                signaln
 .text          0x81003334       0xcc binaries/sleep.o
                0x81003334                sleepms
                0x810033d0                sleep
 .text          0x81003400      0x188 binaries/subscribe.o
                0x81003400                subscribe
 .text          0x81003588       0xbc binaries/suspend.o
                0x81003588                suspend
 .text          0x81003644       0xa0 binaries/topicsInit.o
                0x81003644                topicsInit
 .text          0x810036e4       0xb8 binaries/unsleep.o
                0x810036e4                unsleep
 .text          0x8100379c      0x28c binaries/unsubscribe.o
                0x8100379c                removeProcessId
                0x81003834                removeTopicFromPr
                0x810038fc                unsubscribe
 .text          0x81003a28       0x10 binaries/userret.o
                0x81003a28                userret
 .text          0x81003a38       0xac binaries/wait.o
                0x81003a38                wait
 .text          0x81003ae4       0xa0 binaries/wakeup.o
                0x81003ae4                wakeup
 .text          0x81003b84       0x60 binaries/write.o
                0x81003b84                write
 .text          0x81003be4       0x18 binaries/xdone.o
                0x81003be4                xdone
 .text          0x81003bfc       0x20 binaries/yield.o
                0x81003bfc                yield
 .text          0x81003c1c        0xc binaries/abs.o
                0x81003c1c                abs
 .text          0x81003c28      0x114 binaries/atoi.o
                0x81003c28                atoi
 .text          0x81003d3c      0x114 binaries/atol.o
                0x81003d3c                atol
 .text          0x81003e50       0x20 binaries/bzero.o
                0x81003e50                bzero
 .text          0x81003e70        0x0 binaries/ctype_.o
 .text          0x81003e70      0xa34 binaries/doprnt.o
                0x81004090                _doprnt
 .text          0x810048a4      0x704 binaries/doscan.o
                0x810048a4                _doscan
 .text          0x81004fa8      0x898 binaries/fdoprnt.o
                0x81005054                _fdoprnt
 .text          0x81005840       0x14 binaries/fgetc.o
                0x81005840                fgetc
 .text          0x81005854       0x84 binaries/fgets.o
                0x81005854                fgets
 .text          0x810058d8       0x3c binaries/fprintf.o
                0x810058d8                fprintf
 .text          0x81005914       0x24 binaries/fputc.o
                0x81005914                fputc
 .text          0x81005938       0x38 binaries/fputs.o
                0x81005938                fputs
 .text          0x81005970       0x78 binaries/fscanf.o
                0x810059a4                fscanf
 .text          0x810059e8       0x2c binaries/getchar.o
                0x810059e8                getchar
 .text          0x81005a14        0xc binaries/labs.o
                0x81005a14                labs
 .text          0x81005a20        0x0 binaries/memchr.o
 .text          0x81005a20       0x60 binaries/memcmp.o
                0x81005a20                memcmp
 .text          0x81005a80       0x24 binaries/memcpy.o
                0x81005a80                memcpy
 .text          0x81005aa4       0x20 binaries/memset.o
                0x81005aa4                memset
 .text          0x81005ac4       0x58 binaries/printf.o
                0x81005ac4                printf
 .text          0x81005b1c       0x2c binaries/putchar.o
                0x81005b1c                putchar
 .text          0x81005b48      0x254 binaries/qsort.o
                0x81005d7c                qsort
 .text          0x81005d9c       0x7c binaries/rand.o
                0x81005d9c                rand
                0x81005dd4                rand_r
                0x81005e08                srand
 .text          0x81005e18       0x68 binaries/sprintf.o
                0x81005e30                sprintf
 .text          0x81005e80       0x78 binaries/sscanf.o
                0x81005eb4                sscanf
 .text          0x81005ef8       0x48 binaries/strchr.o
                0x81005ef8                strchr
 .text          0x81005f40       0x54 binaries/strcmp.o
                0x81005f40                strcmp
 .text          0x81005f94       0x18 binaries/strcpy.o
                0x81005f94                strcpy
 .text          0x81005fac       0x30 binaries/strlen.o
                0x81005fac                strlen
 .text          0x81005fdc       0x50 binaries/strncat.o
                0x81005fdc                strncat
 .text          0x8100602c       0x54 binaries/strncmp.o
                0x8100602c                strncmp
 .text          0x81006080       0x80 binaries/strncpy.o
                0x81006080                strncpy
 .text          0x81006100       0x48 binaries/strnlen.o
                0x81006100                strnlen
 .text          0x81006148       0x58 binaries/strrchr.o
                0x81006148                strrchr
 .text          0x810061a0       0xb0 binaries/strstr.o
                0x810061a0                strstr
 .text          0x81006250       0xc8 binaries/ttycontrol.o
                0x81006250                ttycontrol
 .text          0x81006318       0x6c binaries/ttygetc.o
                0x81006318                ttygetc
 .text          0x81006384      0x4d8 binaries/ttyhandle_in.o
                0x81006450                ttyhandle_in
 .text          0x8100685c      0x14c binaries/ttyhandle_out.o
                0x8100685c                ttyhandle_out
 .text          0x810069a8       0xc8 binaries/ttyhandler.o
                0x810069a8                ttyhandler
 .text          0x81006a70      0x120 binaries/ttyinit.o
                0x81006a70                ttyinit
 .text          0x81006b90        0xc binaries/ttykickout.o
                0x81006b90                ttykickout
 .text          0x81006b9c       0x78 binaries/ttyputc.o
                0x81006b9c                ttyputc
 .text          0x81006c14      0x110 binaries/ttyread.o
                0x81006c14                ttyread
 .text          0x81006d24       0x4c binaries/ttywrite.o
                0x81006d24                ttywrite
 .text          0x81006d70      0x134 binaries/mount.o
                0x81006d70                namlen
                0x81006dc4                mount
 .text          0x81006ea4      0x1c8 binaries/naminit.o
                0x81006ea4                naminit
 .text          0x8100706c      0x240 binaries/nammap.o
                0x8100706c                namrepl
                0x810071a4                namcpy
                0x81007200                nammap
 .text          0x810072ac       0x40 binaries/namopen.o
                0x810072ac                namopen
 .text          0x810072ec       0x40 binaries/ethcontrol.o
                0x810072ec                ethcontrol
 .text          0x8100732c      0x178 binaries/ethhandler.o
                0x8100732c                ethhandler
 .text          0x810074a4      0x734 binaries/ethinit.o
                0x810074a4                eth_phy_read
                0x81007514                eth_phy_write
                0x8100756c                eth_phy_reset
                0x810076dc                ethinit
 .text          0x81007bd8       0xd8 binaries/ethread.o
                0x81007bd8                ethread
 .text          0x81007cb0       0xf0 binaries/ethwrite.o
                0x81007cb0                ethwrite
 .text          0x81007da0       0x90 binaries/rdsbufalloc.o
                0x81007da0                rdsbufalloc
 .text          0x81007e30       0xa0 binaries/rdsclose.o
                0x81007e30                rdsclose
 .text          0x81007ed0      0x20c binaries/rdscomm.o
                0x81007ed0                rdscomm
 .text          0x810080dc      0x1a0 binaries/rdscontrol.o
                0x810080dc                rdscontrol
 .text          0x8100827c      0x180 binaries/rdsinit.o
                0x8100827c                rdsinit
 .text          0x810083fc      0x134 binaries/rdsopen.o
                0x810083fc                rdsopen
 .text          0x81008530      0x304 binaries/rdsprocess.o
                0x81008530                rdsprocess
 .text          0x81008834      0x210 binaries/rdsread.o
                0x81008834                rdsread
 .text          0x81008a44      0x184 binaries/rdswrite.o
                0x81008a44                rdswrite
 .text          0x81008bc8        0x8 binaries/ramclose.o
                0x81008bc8                ramclose
 .text          0x81008bd0       0x3c binaries/raminit.o
                0x81008bd0                raminit
 .text          0x81008c0c        0x8 binaries/ramopen.o
                0x81008c0c                ramopen
 .text          0x81008c14       0x24 binaries/ramread.o
                0x81008c14                ramread
 .text          0x81008c38       0x20 binaries/ramwrite.o
                0x81008c38                ramwrite
 .text          0x81008c58       0x94 binaries/lfdballoc.o
                0x81008c58                lfdballoc
 .text          0x81008cec       0x4c binaries/lfdbfree.o
                0x81008cec                lfdbfree
 .text          0x81008d38       0xb8 binaries/lfflush.o
                0x81008d38                lfflush
 .text          0x81008df0       0xc8 binaries/lfgetmode.o
                0x81008df0                lfgetmode
 .text          0x81008eb8       0x6c binaries/lfiballoc.o
                0x81008eb8                lfiballoc
 .text          0x81008f24       0x30 binaries/lfibclear.o
                0x81008f24                lfibclear
 .text          0x81008f54       0x64 binaries/lfibget.o
                0x81008f54                lfibget
 .text          0x81008fb8       0x8c binaries/lfibput.o
                0x81008fb8                lfibput
 .text          0x81009044       0x84 binaries/lflclose.o
                0x81009044                lflclose
 .text          0x810090c8       0xa0 binaries/lflcontrol.o
                0x810090c8                lflcontrol
 .text          0x81009168       0xa8 binaries/lflgetc.o
                0x81009168                lflgetc
 .text          0x81009210       0xa8 binaries/lflinit.o
                0x81009210                lflinit
 .text          0x810092b8       0xdc binaries/lflputc.o
                0x810092b8                lflputc
 .text          0x81009394       0x78 binaries/lflread.o
                0x81009394                lflread
 .text          0x8100940c       0x80 binaries/lflseek.o
                0x8100940c                lflseek
 .text          0x8100948c       0x5c binaries/lflwrite.o
                0x8100948c                lflwrite
 .text          0x810094e8       0xa0 binaries/lfscheck.o
                0x810094e8                lfscheck
 .text          0x81009588      0x144 binaries/lfsckfmt.o
                0x81009588                lfsckfmt
 .text          0x810096cc      0x15c binaries/lfscreate.o
                0x810096cc                lfscreate
 .text          0x81009828      0x1f0 binaries/lfsetup.o
                0x81009828                lfsetup
 .text          0x81009a18       0x44 binaries/lfsinit.o
                0x81009a18                lfsinit
 .text          0x81009a5c      0x358 binaries/lfsopen.o
                0x81009a5c                lfsopen
 .text          0x81009db4      0x108 binaries/lftruncate.o
                0x81009db4                lftruncate
 .text          0x81009ebc       0x70 binaries/rflclose.o
                0x81009ebc                rflclose
 .text          0x81009f2c       0x28 binaries/rflgetc.o
                0x81009f2c                rflgetc
 .text          0x81009f54       0x54 binaries/rflinit.o
                0x81009f54                rflinit
 .text          0x81009fa8       0x30 binaries/rflputc.o
                0x81009fa8                rflputc
 .text          0x81009fd8      0x28c binaries/rflread.o
                0x81009fd8                rflread
 .text          0x8100a264       0x74 binaries/rflseek.o
                0x8100a264                rflseek
 .text          0x8100a2d8      0x2c8 binaries/rflwrite.o
                0x8100a2d8                rflwrite
 .text          0x8100a5a0      0x198 binaries/rfscomm.o
                0x8100a5a0                rfscomm
 .text          0x8100a738      0x224 binaries/rfscontrol.o
                0x8100a738                rfscontrol
 .text          0x8100a95c       0xc8 binaries/rfsgetmode.o
                0x8100a95c                rfsgetmode
 .text          0x8100aa24       0x84 binaries/rfsinit.o
                0x8100aa24                rfsinit
 .text          0x8100aaa8       0xa4 binaries/rfsndmsg.o
                0x8100aaa8                rfsndmsg
 .text          0x8100ab4c      0x22c binaries/rfsopen.o
                0x8100ab4c                rfsopen
 .text          0x8100ad78       0x8c binaries/spicontrol.o
                0x8100ad78                spicontrol
 .text          0x8100ae04       0xa8 binaries/spiinit.o
                0x8100ae04                spiinit
 .text          0x8100aeac       0xf0 binaries/gpio_write.o
                0x8100aeac                gpio_write
 .text          0x8100af9c       0x1c binaries/ledinit.o
                0x8100af9c                ledinit
 .text          0x8100afb8       0x34 binaries/ledputc.o
                0x8100afb8                ledputc
 .text          0x8100afec      0x714 binaries/arp.o
                0x8100afec                arp_init
                0x8100b00c                arp_alloc
                0x8100b0e0                arp_ntoh
                0x8100b184                arp_hton
                0x8100b228                arp_resolve
                0x8100b48c                arp_in
 .text          0x8100b700      0x6b0 binaries/dhcp.o
                0x8100b700                dhcp_get_opt_val
                0x8100b760                dhcp_bld_bootp_msg
                0x8100b858                dhcp_bld_disc
                0x8100b8ac                dhcp_bld_req
                0x8100b970                getlocalip
 .text          0x8100bdb0      0x56c binaries/dns.o
                0x8100be98                dnslookup
 .text          0x8100c31c      0x120 binaries/dot2ip.o
                0x8100c31c                dot2ip
 .text          0x8100c43c      0x33c binaries/hexdump.o
                0x8100c43c                hexdump
                0x8100c59c                hexadump
 .text          0x8100c778      0x660 binaries/icmp.o
                0x8100c778                icmp_init
                0x8100c79c                icmp_register
                0x8100c858                icmp_recv
                0x8100c9a8                icmp_mkpkt
                0x8100ca98                icmp_in
                0x8100cbe4                icmp_send
                0x8100cc54                icmp_release
                0x8100cd10                icmp_cksum
                0x8100cd70                icmp_hton
                0x8100cda4                icmp_ntoh
 .text          0x8100cdd8      0x674 binaries/ip.o
                0x8100cdd8                ip_local
                0x8100ce08                ipcksum
                0x8100ce4c                ip_ntoh
                0x8100cef0                ip_in
                0x8100d02c                ip_hton
                0x8100d0d0                ip_out
                0x8100d184                ip_send
                0x8100d2b4                ipout
                0x8100d3b0                ip_enqueue
 .text          0x8100d44c      0x228 binaries/net.o
                0x8100d44c                net_init
                0x8100d554                eth_hton
                0x8100d568                eth_ntoh
                0x8100d57c                netin
                0x8100d624                getport
 .text          0x8100d674      0x9dc binaries/pdump.o
                0x8100d674                pdump
                0x8100dc00                pdumph
 .text          0x8100e050      0x56c binaries/tftp.o
                0x8100e050                tftp_send1
                0x8100e13c                tftpget_mb
                0x8100e588                tftpget
 .text          0x8100e5bc      0x890 binaries/udp.o
                0x8100e5bc                udp_init
                0x8100e5e4                udp_in
                0x8100e6d0                udp_register
                0x8100e7cc                udp_recv
                0x8100e900                udp_recvaddr
                0x8100ea50                udp_send
                0x8100ebc8                udp_sendto
                0x8100ed28                udp_release
                0x8100ede4                udp_ntoh
                0x8100ee18                udp_hton
 .text          0x8100ee4c      0x120 binaries/addargs.o
                0x8100ee4c                addargs
 .text          0x8100ef6c      0x2b4 binaries/lexan.o
                0x8100ef6c                lexan
 .text          0x8100f220      0x6ac binaries/shell.o
                0x8100f220                shell
 .text          0x8100f8cc       0x64 binaries/xsh_argecho.o
                0x8100f8cc                xsh_argecho
 .text          0x8100f930      0x1f8 binaries/xsh_arp.o
                0x8100f930                xsh_arp
 .text          0x8100fb28      0x234 binaries/xsh_cat.o
                0x8100fb28                xsh_cat
 .text          0x8100fd5c       0x5c binaries/xsh_clear.o
                0x8100fd5c                xsh_clear
 .text          0x8100fdb8      0x294 binaries/xsh_date.o
                0x8100fdb8                xsh_date
 .text          0x8101004c       0x98 binaries/xsh_devdump.o
                0x8101004c                xsh_devdump
 .text          0x810100e4       0x68 binaries/xsh_echo.o
                0x810100e4                xsh_echo
 .text          0x8101014c        0x8 binaries/xsh_exit.o
                0x8101014c                xsh_exit
 .text          0x81010154      0x3cc binaries/xsh_help.o
                0x81010154                xsh_help
 .text          0x81010520      0x1f4 binaries/xsh_kill.o
                0x81010520                xsh_kill
 .text          0x81010714      0x488 binaries/xsh_memdump.o
                0x81010810                xsh_memdump
 .text          0x81010b9c      0x220 binaries/xsh_memstat.o
                0x81010b9c                xsh_memstat
 .text          0x81010dbc      0x3f4 binaries/xsh_netinfo.o
                0x81010dbc                xsh_netinfo
 .text          0x810111b0      0x3ac binaries/xsh_ping.o
                0x810111b0                xsh_ping
 .text          0x8101155c      0x21c binaries/xsh_ps.o
                0x8101155c                xsh_ps
 .text          0x81011778      0x1c4 binaries/xsh_sleep.o
                0x81011778                xsh_sleep
 .text          0x8101193c      0x240 binaries/xsh_udpdump.o
                0x8101193c                xsh_udpdump
 .text          0x81011b7c      0x3fc binaries/xsh_udpecho.o
                0x81011b7c                xsh_udpecho
 .text          0x81011f78      0x250 binaries/xsh_udpserver.o
                0x81011f78                xsh_udpeserver
 .text          0x810121c8      0x1a8 binaries/xsh_uptime.o
                0x810121c8                xsh_uptime
 .text          0x81012370       0x2c binaries/ctxsw.o
                0x81012370                ctxsw
 .text          0x8101239c      0x100 binaries/intr.o
                0x8101239c                disable
                0x810123a8                restore
                0x810123cc                enable
                0x810123d4                pause
                0x810123d4                halt
                0x810123dc                irq_except
                0x8101240c                initevec
                0x8101246c                expjmpinstr
 .text          0x8101249c      0x114 ../cross_compiler/lib/gcc/arm-none-eabi/4.8.1//libgcc.a(_udivsi3.o)
                0x8101249c                __udivsi3
                0x8101249c                __aeabi_uidiv
                0x81012590                __aeabi_uidivmod
 .text          0x810125b0      0x148 ../cross_compiler/lib/gcc/arm-none-eabi/4.8.1//libgcc.a(_divsi3.o)
                0x810125b0                __aeabi_idiv
                0x810125b0                __divsi3
                0x810126d8                __aeabi_idivmod
 .text          0x810126f8        0x4 ../cross_compiler/lib/gcc/arm-none-eabi/4.8.1//libgcc.a(_dvmd_tls.o)
                0x810126f8                __aeabi_ldiv0
                0x810126f8                __aeabi_idiv0
 .text          0x810126fc      0x49c ../cross_compiler/lib/gcc/arm-none-eabi/4.8.1//libgcc.a(_arm_muldivdf3.o)
                0x810126fc                __aeabi_dmul
                0x810126fc                __muldf3
                0x8101298c                __aeabi_ddiv
                0x8101298c                __divdf3
 .text          0x81012b98      0x144 ../cross_compiler/lib/gcc/arm-none-eabi/4.8.1//libgcc.a(_arm_cmpdf2.o)
                0x81012b98                __gtdf2
                0x81012b98                __gedf2
                0x81012ba0                __ltdf2
                0x81012ba0                __ledf2
                0x81012ba8                __cmpdf2
                0x81012ba8                __eqdf2
                0x81012ba8                __nedf2
                0x81012c30                __aeabi_cdrcmple
                0x81012c4c                __aeabi_cdcmple
                0x81012c4c                __aeabi_cdcmpeq
                0x81012c64                __aeabi_dcmpeq
                0x81012c7c                __aeabi_dcmplt
                0x81012c94                __aeabi_dcmple
                0x81012cac                __aeabi_dcmpge
                0x81012cc4                __aeabi_dcmpgt
 .text          0x81012cdc       0x5c ../cross_compiler/lib/gcc/arm-none-eabi/4.8.1//libgcc.a(_arm_fixdfsi.o)
                0x81012cdc                __fixdfsi
                0x81012cdc                __aeabi_d2iz
 *(.rodata .rodata.*)
 .rodata.str1.4
                0x81012d38       0x78 binaries/ascdate.o
 .rodata.str1.4
                0x81012db0        0xb binaries/broker.o
                                  0xc (size before relaxing)
 *fill*         0x81012dbb        0x1 
 .rodata.str1.4
                0x81012dbc       0xe0 binaries/conf.o
 .rodata.str1.4
                0x81012e9c       0x61 binaries/getutime.o
                                 0x64 (size before relaxing)
 *fill*         0x81012efd        0x3 
 .rodata.str1.4
                0x81012f00      0x188 binaries/initialize.o
                                0x18c (size before relaxing)
 .rodata.str1.4
                0x81013088       0xd0 binaries/main.o
 .rodata.str1.4
                0x81013158        0xf binaries/panic.o
                                 0x10 (size before relaxing)
 *fill*         0x81013167        0x1 
 .rodata.str1.4
                0x81013168       0x1d binaries/ptinit.o
                                 0x20 (size before relaxing)
 *fill*         0x81013185        0x3 
 .rodata.str1.4
                0x81013188       0x25 binaries/ptsend.o
                                 0x28 (size before relaxing)
 *fill*         0x810131ad        0x3 
 .rodata.str1.4
                0x810131b0       0x35 binaries/publish.o
                                 0x38 (size before relaxing)
 *fill*         0x810131e5        0x3 
 .rodata.str1.4
                0x810131e8       0x19 binaries/semcreate.o
                                 0x1c (size before relaxing)
 *fill*         0x81013201        0x3 
 .rodata.str1.4
                0x81013204       0x9a binaries/subscribe.o
                                 0x9c (size before relaxing)
 *fill*         0x8101329e        0x2 
 .rodata.str1.4
                0x810132a0        0x7 binaries/topicsInit.o
                                  0x8 (size before relaxing)
 *fill*         0x810132a7        0x1 
 .rodata.str1.4
                0x810132a8       0x73 binaries/unsubscribe.o
                                 0x74 (size before relaxing)
 *fill*         0x8101331b        0x1 
 .rodata.str1.4
                0x8101331c       0x27 binaries/xdone.o
                                 0x28 (size before relaxing)
 *fill*         0x81013343        0x1 
 .rodata        0x81013344       0x84 binaries/ctype_.o
                0x81013344                _ctype_
 .rodata.str1.4
                0x810133c8       0x2f binaries/doprnt.o
                                 0x30 (size before relaxing)
 .rodata.str1.4
                0x00000000       0x30 binaries/fdoprnt.o
 *fill*         0x810133f7        0x1 
 .rodata.str1.4
                0x810133f8       0x86 binaries/naminit.o
                                 0x90 (size before relaxing)
 *fill*         0x8101347e        0x2 
 .rodata.str1.4
                0x81013480       0xe5 binaries/ethinit.o
                                 0xe8 (size before relaxing)
 *fill*         0x81013565        0x3 
 .rodata.str1.4
                0x81013568       0x12 binaries/ethread.o
                                 0x14 (size before relaxing)
 *fill*         0x8101357a        0x2 
 .rodata.str1.4
                0x8101357c       0x2c binaries/rdsbufalloc.o
 .rodata.str1.4
                0x810135a8       0x76 binaries/rdscomm.o
                                 0x78 (size before relaxing)
 *fill*         0x8101361e        0x2 
 .rodata.str1.4
                0x81013620       0x48 binaries/rdscontrol.o
 .rodata.str1.4
                0x81013668       0x96 binaries/rdsinit.o
                                 0x98 (size before relaxing)
 *fill*         0x810136fe        0x2 
 .rodata.str1.4
                0x81013700       0x22 binaries/rdsopen.o
                                 0x24 (size before relaxing)
 *fill*         0x81013722        0x2 
 .rodata.str1.4
                0x81013724       0x4d binaries/rdsprocess.o
                                 0x50 (size before relaxing)
 *fill*         0x81013771        0x3 
 .rodata.str1.4
                0x81013774        0x9 binaries/raminit.o
                                  0xc (size before relaxing)
 *fill*         0x8101377d        0x3 
 .rodata.str1.4
                0x81013780       0x37 binaries/lfdballoc.o
                                 0x38 (size before relaxing)
 *fill*         0x810137b7        0x1 
 .rodata.str1.4
                0x810137b8       0x14 binaries/lfiballoc.o
 .rodata.str1.4
                0x810137cc       0x23 binaries/lflcontrol.o
                                 0x24 (size before relaxing)
 *fill*         0x810137ef        0x1 
 .rodata.str1.4
                0x810137f0      0x11f binaries/lfsckfmt.o
                                0x120 (size before relaxing)
 *fill*         0x8101390f        0x1 
 .rodata.str1.4
                0x81013910       0x2a binaries/lfsopen.o
                                 0x2c (size before relaxing)
 *fill*         0x8101393a        0x2 
 .rodata.str1.4
                0x8101393c       0x21 binaries/rflread.o
                                 0x24 (size before relaxing)
 .rodata.str1.4
                0x00000000       0x24 binaries/rflwrite.o
 *fill*         0x8101395d        0x3 
 .rodata.str1.4
                0x81013960       0x75 binaries/rfscomm.o
                                 0x78 (size before relaxing)
 *fill*         0x810139d5        0x3 
 .rodata.str1.4
                0x810139d8       0x23 binaries/rfscontrol.o
                                 0x24 (size before relaxing)
 *fill*         0x810139fb        0x1 
 .rodata.str1.4
                0x810139fc       0x63 binaries/rfsinit.o
                                 0x64 (size before relaxing)
 *fill*         0x81013a5f        0x1 
 .rodata.str1.4
                0x81013a60       0x2a binaries/rfsndmsg.o
                                 0x2c (size before relaxing)
 .rodata.str1.4
                0x00000000       0x24 binaries/rfsopen.o
 *fill*         0x81013a8a        0x2 
 .rodata.str1.4
                0x81013a8c       0x3d binaries/arp.o
                                 0x40 (size before relaxing)
 *fill*         0x81013ac9        0x3 
 .rodata.str1.4
                0x81013acc       0xd3 binaries/dhcp.o
                                 0xd4 (size before relaxing)
 *fill*         0x81013b9f        0x1 
 .rodata.str1.4
                0x81013ba0       0x1a binaries/dns.o
                                 0x1c (size before relaxing)
 *fill*         0x81013bba        0x2 
 .rodata.str1.4
                0x81013bbc       0xca binaries/hexdump.o
                                 0xd8 (size before relaxing)
 *fill*         0x81013c86        0x2 
 .rodata.str1.4
                0x81013c88       0x29 binaries/icmp.o
                                 0x2c (size before relaxing)
 *fill*         0x81013cb1        0x3 
 .rodata.str1.4
                0x81013cb4       0x6e binaries/ip.o
                                 0x70 (size before relaxing)
 *fill*         0x81013d22        0x2 
 .rodata.str1.4
                0x81013d24       0x53 binaries/net.o
                                 0x54 (size before relaxing)
 *fill*         0x81013d77        0x1 
 .rodata.str1.4
                0x81013d78      0x292 binaries/pdump.o
                                0x298 (size before relaxing)
 *fill*         0x8101400a        0x2 
 .rodata.str1.4
                0x8101400c      0x154 binaries/tftp.o
                                0x158 (size before relaxing)
 .rodata        0x81014160       0xfc binaries/shell.o
                0x81014160                cmdtab
 .rodata.str1.4
                0x8101425c      0x2e6 binaries/shell.o
                                0x2f0 (size before relaxing)
 *fill*         0x81014542        0x2 
 .rodata.str1.4
                0x81014544       0x29 binaries/xsh_argecho.o
                                 0x30 (size before relaxing)
 *fill*         0x8101456d        0x3 
 .rodata.str1.4
                0x81014570      0x13e binaries/xsh_arp.o
                                0x144 (size before relaxing)
 *fill*         0x810146ae        0x2 
 .rodata.str1.4
                0x810146b0       0x81 binaries/xsh_cat.o
                                 0xd4 (size before relaxing)
 *fill*         0x81014731        0x3 
 .rodata.str1.4
                0x81014734       0x19 binaries/xsh_clear.o
                                 0x1c (size before relaxing)
 *fill*         0x8101474d        0x3 
 .rodata.str1.4
                0x81014750      0x1af binaries/xsh_date.o
                                0x1cc (size before relaxing)
 *fill*         0x810148ff        0x1 
 .rodata.str1.4
                0x81014900       0x61 binaries/xsh_devdump.o
                                 0x64 (size before relaxing)
 *fill*         0x81014961        0x3 
 .rodata.str1.4
                0x81014964        0x8 binaries/xsh_echo.o
                                  0xc (size before relaxing)
 .rodata.str1.4
                0x8101496c       0xe7 binaries/xsh_help.o
                                0x17c (size before relaxing)
 *fill*         0x81014a53        0x1 
 .rodata.str1.4
                0x81014a54       0xc8 binaries/xsh_kill.o
                                0x138 (size before relaxing)
 .rodata.str1.4
                0x81014b1c      0x226 binaries/xsh_memdump.o
                                0x27c (size before relaxing)
 *fill*         0x81014d42        0x2 
 .rodata.str1.4
                0x81014d44      0x1cc binaries/xsh_memstat.o
                                0x234 (size before relaxing)
 .rodata.str1.4
                0x81014f10      0x10f binaries/xsh_netinfo.o
                                0x1cc (size before relaxing)
 *fill*         0x8101501f        0x1 
 .rodata.str1.4
                0x81015020      0x13f binaries/xsh_ping.o
                                0x1b4 (size before relaxing)
 *fill*         0x8101515f        0x1 
 .rodata        0x81015160       0x20 binaries/xsh_ps.o
 .rodata.str1.4
                0x81015180      0x11a binaries/xsh_ps.o
                                0x1d4 (size before relaxing)
 *fill*         0x8101529a        0x2 
 .rodata.str1.4
                0x8101529c       0x5e binaries/xsh_sleep.o
                                 0xf8 (size before relaxing)
 *fill*         0x810152fa        0x2 
 .rodata        0x810152fc        0xc binaries/xsh_udpdump.o
 .rodata.str1.4
                0x81015308      0x122 binaries/xsh_udpdump.o
                                0x1e0 (size before relaxing)
 *fill*         0x8101542a        0x2 
 .rodata.str1.4
                0x8101542c      0x1ae binaries/xsh_udpecho.o
                                0x224 (size before relaxing)
 *fill*         0x810155da        0x2 
 .rodata.str1.4
                0x810155dc       0x97 binaries/xsh_udpserver.o
                                0x13c (size before relaxing)
 *fill*         0x81015673        0x1 
 .rodata.str1.4
                0x81015674       0x78 binaries/xsh_uptime.o
                                0x114 (size before relaxing)
                0x810156ec                etext = ABSOLUTE (.)
                0x81016000                . = ALIGN (0x1000)
 *fill*         0x810156ec      0x914 

.glue_7         0x81016000        0x0
 .glue_7        0x00000000        0x0 linker stubs

.glue_7t        0x81016000        0x0
 .glue_7t       0x00000000        0x0 linker stubs

.vfp11_veneer   0x81016000        0x0
 .vfp11_veneer  0x00000000        0x0 linker stubs

.v4_bx          0x81016000        0x0
 .v4_bx         0x00000000        0x0 linker stubs

.iplt           0x81016000        0x0
 .iplt          0x00000000        0x0 binaries/start.o

.rel.dyn        0x81016000        0x0
 .rel.iplt      0x00000000        0x0 binaries/start.o

.data           0x81016000     0x1000
                0x81016000                data = ABSOLUTE (.)
 *(.data .data.*)
 .data          0x81016000        0x0 binaries/start.o
 .data          0x81016000       0x88 binaries/ascdate.o
                0x81016000                Date
 .data          0x81016088        0x0 binaries/broker.o
 .data          0x81016088        0x0 binaries/bufinit.o
 .data          0x81016088        0x0 binaries/chprio.o
 .data          0x81016088        0x4 binaries/clkhandler.o
 .data          0x8101608c        0x0 binaries/clkinit.o
 .data          0x8101608c        0x0 binaries/close.o
 .data          0x8101608c      0x654 binaries/conf.o
                0x8101608c                devtab
 .data          0x810166e0        0x0 binaries/control.o
 .data          0x810166e0        0x4 binaries/create.o
 .data          0x810166e4       0x40 binaries/evec.o
                0x810166e4                expmsg2
                0x810166f8                expmsg1
 .data          0x81016724        0x0 binaries/exit.o
 .data          0x81016724        0x0 binaries/freebuf.o
 .data          0x81016724        0x0 binaries/freemem.o
 .data          0x81016724        0x0 binaries/getbuf.o
 .data          0x81016724        0x0 binaries/getc.o
 .data          0x81016724        0x0 binaries/getdev.o
 .data          0x81016724        0x0 binaries/getitem.o
 .data          0x81016724        0x0 binaries/getmem.o
 .data          0x81016724        0x0 binaries/getpid.o
 .data          0x81016724        0x0 binaries/getprio.o
 .data          0x81016724        0x0 binaries/getstk.o
 .data          0x81016724        0x0 binaries/getticks.o
 .data          0x81016724        0x0 binaries/gettime.o
 .data          0x81016724        0x0 binaries/getutime.o
 .data          0x81016724        0x0 binaries/hexToDec.o
 .data          0x81016724        0x0 binaries/init.o
 .data          0x81016724        0x0 binaries/initialize.o
 .data          0x81016724        0x0 binaries/insert.o
 .data          0x81016724        0x0 binaries/insertd.o
 .data          0x81016724        0x0 binaries/ioerr.o
 .data          0x81016724        0x0 binaries/ionull.o
 .data          0x81016724        0x0 binaries/kill.o
 .data          0x81016724        0x0 binaries/kprintf.o
 .data          0x81016724        0x0 binaries/ledOff.o
 .data          0x81016724        0x0 binaries/ledOn.o
 .data          0x81016724        0x0 binaries/main.o
 .data          0x81016724        0x0 binaries/makeCopy.o
 .data          0x81016724        0x0 binaries/mark.o
 .data          0x81016724        0x0 binaries/meminit.o
 .data          0x81016724        0x0 binaries/mkbufpool.o
 .data          0x81016724        0x2 binaries/newqueue.o
 .data          0x81016726        0x0 binaries/open.o
 .data          0x81016726        0x0 binaries/panic.o
 .data          0x81016726        0x0 binaries/platinit.o
 .data          0x81016726        0x0 binaries/ptclear.o
 .data          0x81016726        0x0 binaries/ptcount.o
 .data          0x81016726        0x0 binaries/ptcreate.o
 .data          0x81016726        0x0 binaries/ptdelete.o
 .data          0x81016726        0x0 binaries/ptinit.o
 .data          0x81016726        0x0 binaries/ptrecv.o
 .data          0x81016726        0x0 binaries/ptreset.o
 .data          0x81016726        0x0 binaries/ptsend.o
 .data          0x81016726        0x0 binaries/publish.o
 .data          0x81016726        0x0 binaries/putc.o
 .data          0x81016726        0x0 binaries/queue.o
 .data          0x81016726        0x0 binaries/read.o
 .data          0x81016726        0x0 binaries/ready.o
 .data          0x81016726        0x0 binaries/receive.o
 .data          0x81016726        0x0 binaries/recvclr.o
 .data          0x81016726        0x0 binaries/recvtime.o
 .data          0x81016726        0x0 binaries/resched.o
 .data          0x81016726        0x0 binaries/resume.o
 .data          0x81016726        0x0 binaries/seek.o
 .data          0x81016726        0x0 binaries/semcount.o
 .data          0x81016726        0x0 binaries/semcreate.o
 .data          0x81016726        0x0 binaries/semdelete.o
 .data          0x81016726        0x0 binaries/semreset.o
 .data          0x81016726        0x0 binaries/send.o
 .data          0x81016726        0x0 binaries/signal.o
 .data          0x81016726        0x0 binaries/signaln.o
 .data          0x81016726        0x0 binaries/sleep.o
 .data          0x81016726        0x0 binaries/subscribe.o
 .data          0x81016726        0x0 binaries/suspend.o
 .data          0x81016726        0x0 binaries/topicsInit.o
 .data          0x81016726        0x0 binaries/unsleep.o
 .data          0x81016726        0x0 binaries/unsubscribe.o
 .data          0x81016726        0x0 binaries/userret.o
 .data          0x81016726        0x0 binaries/wait.o
 .data          0x81016726        0x0 binaries/wakeup.o
 .data          0x81016726        0x0 binaries/write.o
 .data          0x81016726        0x0 binaries/xdone.o
 .data          0x81016726        0x0 binaries/yield.o
 .data          0x81016726        0x0 binaries/abs.o
 .data          0x81016726        0x0 binaries/atoi.o
 .data          0x81016726        0x0 binaries/atol.o
 .data          0x81016726        0x0 binaries/bzero.o
 .data          0x81016726        0x0 binaries/ctype_.o
 .data          0x81016726        0x0 binaries/doprnt.o
 *fill*         0x81016726        0x2 
 .data          0x81016728       0x80 binaries/doscan.o
                0x81016728                _sctab
 .data          0x810167a8        0x0 binaries/fdoprnt.o
 .data          0x810167a8        0x0 binaries/fgetc.o
 .data          0x810167a8        0x0 binaries/fgets.o
 .data          0x810167a8        0x0 binaries/fprintf.o
 .data          0x810167a8        0x0 binaries/fputc.o
 .data          0x810167a8        0x0 binaries/fputs.o
 .data          0x810167a8        0x0 binaries/fscanf.o
 .data          0x810167a8        0x0 binaries/getchar.o
 .data          0x810167a8        0x0 binaries/labs.o
 .data          0x810167a8        0x0 binaries/memchr.o
 .data          0x810167a8        0x0 binaries/memcmp.o
 .data          0x810167a8        0x0 binaries/memcpy.o
 .data          0x810167a8        0x0 binaries/memset.o
 .data          0x810167a8        0x0 binaries/printf.o
 .data          0x810167a8        0x0 binaries/putchar.o
 .data          0x810167a8        0x0 binaries/qsort.o
 .data          0x810167a8        0x4 binaries/rand.o
 .data          0x810167ac        0x0 binaries/sprintf.o
 .data          0x810167ac        0x0 binaries/sscanf.o
 .data          0x810167ac        0x0 binaries/strchr.o
 .data          0x810167ac        0x0 binaries/strcmp.o
 .data          0x810167ac        0x0 binaries/strcpy.o
 .data          0x810167ac        0x0 binaries/strlen.o
 .data          0x810167ac        0x0 binaries/strncat.o
 .data          0x810167ac        0x0 binaries/strncmp.o
 .data          0x810167ac        0x0 binaries/strncpy.o
 .data          0x810167ac        0x0 binaries/strnlen.o
 .data          0x810167ac        0x0 binaries/strrchr.o
 .data          0x810167ac        0x0 binaries/strstr.o
 .data          0x810167ac        0x0 binaries/ttycontrol.o
 .data          0x810167ac        0x0 binaries/ttygetc.o
 .data          0x810167ac        0x0 binaries/ttyhandle_in.o
 .data          0x810167ac        0x0 binaries/ttyhandle_out.o
 .data          0x810167ac        0x0 binaries/ttyhandler.o
 .data          0x810167ac        0x0 binaries/ttyinit.o
 .data          0x810167ac        0x0 binaries/ttykickout.o
 .data          0x810167ac        0x0 binaries/ttyputc.o
 .data          0x810167ac        0x0 binaries/ttyread.o
 .data          0x810167ac        0x0 binaries/ttywrite.o
 .data          0x810167ac        0x0 binaries/mount.o
 .data          0x810167ac        0x0 binaries/naminit.o
 .data          0x810167ac        0x0 binaries/nammap.o
 .data          0x810167ac        0x0 binaries/namopen.o
 .data          0x810167ac        0x0 binaries/ethcontrol.o
 .data          0x810167ac        0x0 binaries/ethhandler.o
 .data          0x810167ac        0x0 binaries/ethinit.o
 .data          0x810167ac        0x0 binaries/ethread.o
 .data          0x810167ac        0x0 binaries/ethwrite.o
 .data          0x810167ac        0x0 binaries/rdsbufalloc.o
 .data          0x810167ac        0x0 binaries/rdsclose.o
 .data          0x810167ac        0x0 binaries/rdscomm.o
 .data          0x810167ac        0x0 binaries/rdscontrol.o
 .data          0x810167ac        0x0 binaries/rdsinit.o
 .data          0x810167ac        0x0 binaries/rdsopen.o
 .data          0x810167ac        0x0 binaries/rdsprocess.o
 .data          0x810167ac        0x0 binaries/rdsread.o
 .data          0x810167ac        0x0 binaries/rdswrite.o
 .data          0x810167ac        0x0 binaries/ramclose.o
 .data          0x810167ac        0x0 binaries/raminit.o
 .data          0x810167ac        0x0 binaries/ramopen.o
 .data          0x810167ac        0x0 binaries/ramread.o
 .data          0x810167ac        0x0 binaries/ramwrite.o
 .data          0x810167ac        0x0 binaries/lfdballoc.o
 .data          0x810167ac        0x0 binaries/lfdbfree.o
 .data          0x810167ac        0x0 binaries/lfflush.o
 .data          0x810167ac        0x0 binaries/lfgetmode.o
 .data          0x810167ac        0x0 binaries/lfiballoc.o
 .data          0x810167ac        0x0 binaries/lfibclear.o
 .data          0x810167ac        0x0 binaries/lfibget.o
 .data          0x810167ac        0x0 binaries/lfibput.o
 .data          0x810167ac        0x0 binaries/lflclose.o
 .data          0x810167ac        0x0 binaries/lflcontrol.o
 .data          0x810167ac        0x0 binaries/lflgetc.o
 .data          0x810167ac        0x0 binaries/lflinit.o
 .data          0x810167ac        0x0 binaries/lflputc.o
 .data          0x810167ac        0x0 binaries/lflread.o
 .data          0x810167ac        0x0 binaries/lflseek.o
 .data          0x810167ac        0x0 binaries/lflwrite.o
 .data          0x810167ac        0x0 binaries/lfscheck.o
 .data          0x810167ac        0x0 binaries/lfsckfmt.o
 .data          0x810167ac        0x0 binaries/lfscreate.o
 .data          0x810167ac        0x0 binaries/lfsetup.o
 .data          0x810167ac        0x0 binaries/lfsinit.o
 .data          0x810167ac        0x0 binaries/lfsopen.o
 .data          0x810167ac        0x0 binaries/lftruncate.o
 .data          0x810167ac        0x0 binaries/rflclose.o
 .data          0x810167ac        0x0 binaries/rflgetc.o
 .data          0x810167ac        0x0 binaries/rflinit.o
 .data          0x810167ac        0x0 binaries/rflputc.o
 .data          0x810167ac        0x0 binaries/rflread.o
 .data          0x810167ac        0x0 binaries/rflseek.o
 .data          0x810167ac        0x0 binaries/rflwrite.o
 .data          0x810167ac        0x0 binaries/rfscomm.o
 .data          0x810167ac        0x0 binaries/rfscontrol.o
 .data          0x810167ac        0x0 binaries/rfsgetmode.o
 .data          0x810167ac        0x0 binaries/rfsinit.o
 .data          0x810167ac        0x0 binaries/rfsndmsg.o
 .data          0x810167ac        0x0 binaries/rfsopen.o
 .data          0x810167ac        0x0 binaries/spicontrol.o
 .data          0x810167ac        0x0 binaries/spiinit.o
 .data          0x810167ac        0x0 binaries/gpio_write.o
 .data          0x810167ac        0x0 binaries/ledinit.o
 .data          0x810167ac        0x0 binaries/ledputc.o
 .data          0x810167ac        0x0 binaries/arp.o
 .data          0x810167ac        0x0 binaries/dhcp.o
 .data          0x810167ac        0x0 binaries/dns.o
 .data          0x810167ac        0x0 binaries/dot2ip.o
 .data          0x810167ac        0x0 binaries/hexdump.o
 .data          0x810167ac        0x4 binaries/icmp.o
 .data          0x810167b0        0x0 binaries/ip.o
 .data          0x810167b0        0x0 binaries/net.o
 .data          0x810167b0        0x0 binaries/pdump.o
 .data          0x810167b0        0x0 binaries/tftp.o
 .data          0x810167b0        0x4 binaries/udp.o
 .data          0x810167b4        0x0 binaries/addargs.o
 .data          0x810167b4        0x0 binaries/lexan.o
 .data          0x810167b4        0x4 binaries/shell.o
                0x810167b4                ncmd
 .data          0x810167b8        0x0 binaries/xsh_argecho.o
 .data          0x810167b8        0x0 binaries/xsh_arp.o
 .data          0x810167b8        0x0 binaries/xsh_cat.o
 .data          0x810167b8        0x0 binaries/xsh_clear.o
 .data          0x810167b8        0x0 binaries/xsh_date.o
 .data          0x810167b8        0x0 binaries/xsh_devdump.o
 .data          0x810167b8        0x0 binaries/xsh_echo.o
 .data          0x810167b8        0x0 binaries/xsh_exit.o
 .data          0x810167b8        0x0 binaries/xsh_help.o
 .data          0x810167b8        0x0 binaries/xsh_kill.o
 .data          0x810167b8        0x0 binaries/xsh_memdump.o
 .data          0x810167b8        0x0 binaries/xsh_memstat.o
 .data          0x810167b8        0x0 binaries/xsh_netinfo.o
 .data          0x810167b8        0x0 binaries/xsh_ping.o
 .data          0x810167b8        0x0 binaries/xsh_ps.o
 .data          0x810167b8        0x0 binaries/xsh_sleep.o
 .data          0x810167b8        0x0 binaries/xsh_udpdump.o
 .data          0x810167b8        0x0 binaries/xsh_udpecho.o
 .data          0x810167b8        0x0 binaries/xsh_udpserver.o
 .data          0x810167b8        0x0 binaries/xsh_uptime.o
 .data          0x810167b8        0x0 binaries/ctxsw.o
 .data          0x810167b8        0x0 binaries/intr.o
 .data          0x810167b8        0x0 ../cross_compiler/lib/gcc/arm-none-eabi/4.8.1//libgcc.a(_udivsi3.o)
 .data          0x810167b8        0x0 ../cross_compiler/lib/gcc/arm-none-eabi/4.8.1//libgcc.a(_divsi3.o)
 .data          0x810167b8        0x0 ../cross_compiler/lib/gcc/arm-none-eabi/4.8.1//libgcc.a(_dvmd_tls.o)
 .data          0x810167b8        0x0 ../cross_compiler/lib/gcc/arm-none-eabi/4.8.1//libgcc.a(_arm_muldivdf3.o)
 .data          0x810167b8        0x0 ../cross_compiler/lib/gcc/arm-none-eabi/4.8.1//libgcc.a(_arm_cmpdf2.o)
 .data          0x810167b8        0x0 ../cross_compiler/lib/gcc/arm-none-eabi/4.8.1//libgcc.a(_arm_fixdfsi.o)
                0x810167b8                edata = ABSOLUTE (.)
                0x81017000                . = ALIGN (0x1000)
 *fill*         0x810167b8      0x848 

.igot.plt       0x81017000        0x0
 .igot.plt      0x00000000        0x0 binaries/start.o

.bss            0x81017000    0x34000
                0x81017000                bss = ABSOLUTE (.)
 *(.bss .bss.*)
 .bss           0x81017000        0x0 binaries/start.o
 .bss           0x81017000        0x0 binaries/ascdate.o
 .bss           0x81017000        0x0 binaries/broker.o
 .bss           0x81017000        0x0 binaries/bufinit.o
 .bss           0x81017000        0x0 binaries/chprio.o
 .bss           0x81017000        0x0 binaries/clkhandler.o
 .bss           0x81017000        0x4 binaries/clkinit.o
                0x81017000                ctr1000
 .bss           0x81017004        0x0 binaries/close.o
 .bss           0x81017004        0x0 binaries/conf.o
 .bss           0x81017004        0x0 binaries/control.o
 .bss           0x81017004        0x0 binaries/create.o
 .bss           0x81017004        0x0 binaries/evec.o
 .bss           0x81017004        0x0 binaries/exit.o
 .bss           0x81017004        0x0 binaries/freebuf.o
 .bss           0x81017004        0x0 binaries/freemem.o
 .bss           0x81017004        0x0 binaries/getbuf.o
 .bss           0x81017004        0x0 binaries/getc.o
 .bss           0x81017004        0x0 binaries/getdev.o
 .bss           0x81017004        0x0 binaries/getitem.o
 .bss           0x81017004        0x0 binaries/getmem.o
 .bss           0x81017004        0x0 binaries/getpid.o
 .bss           0x81017004        0x0 binaries/getprio.o
 .bss           0x81017004        0x0 binaries/getstk.o
 .bss           0x81017004        0x0 binaries/getticks.o
 .bss           0x81017004        0x0 binaries/gettime.o
 .bss           0x81017004        0x0 binaries/getutime.o
 .bss           0x81017004        0x0 binaries/hexToDec.o
 .bss           0x81017004        0x0 binaries/init.o
 .bss           0x81017004        0x0 binaries/initialize.o
 .bss           0x81017004        0x0 binaries/insert.o
 .bss           0x81017004        0x0 binaries/insertd.o
 .bss           0x81017004        0x0 binaries/ioerr.o
 .bss           0x81017004        0x0 binaries/ionull.o
 .bss           0x81017004        0x0 binaries/kill.o
 .bss           0x81017004        0x0 binaries/kprintf.o
 .bss           0x81017004        0x0 binaries/ledOff.o
 .bss           0x81017004        0x0 binaries/ledOn.o
 .bss           0x81017004        0x0 binaries/main.o
 .bss           0x81017004        0x0 binaries/makeCopy.o
 .bss           0x81017004        0x0 binaries/mark.o
 .bss           0x81017004        0x0 binaries/meminit.o
 .bss           0x81017004        0x0 binaries/mkbufpool.o
 .bss           0x81017004        0x0 binaries/newqueue.o
 .bss           0x81017004        0x0 binaries/open.o
 .bss           0x81017004        0x0 binaries/panic.o
 .bss           0x81017004        0x0 binaries/platinit.o
 .bss           0x81017004        0x0 binaries/ptclear.o
 .bss           0x81017004        0x0 binaries/ptcount.o
 .bss           0x81017004        0x0 binaries/ptcreate.o
 .bss           0x81017004        0x0 binaries/ptdelete.o
 .bss           0x81017004        0x0 binaries/ptinit.o
 .bss           0x81017004        0x0 binaries/ptrecv.o
 .bss           0x81017004        0x0 binaries/ptreset.o
 .bss           0x81017004        0x0 binaries/ptsend.o
 .bss           0x81017004        0x0 binaries/publish.o
 .bss           0x81017004        0x0 binaries/putc.o
 .bss           0x81017004        0x0 binaries/queue.o
 .bss           0x81017004        0x0 binaries/read.o
 .bss           0x81017004        0x0 binaries/ready.o
 .bss           0x81017004        0x0 binaries/receive.o
 .bss           0x81017004        0x0 binaries/recvclr.o
 .bss           0x81017004        0x0 binaries/recvtime.o
 .bss           0x81017004        0x0 binaries/resched.o
 .bss           0x81017004        0x0 binaries/resume.o
 .bss           0x81017004        0x0 binaries/seek.o
 .bss           0x81017004        0x0 binaries/semcount.o
 .bss           0x81017004        0x4 binaries/semcreate.o
 .bss           0x81017008        0x0 binaries/semdelete.o
 .bss           0x81017008        0x0 binaries/semreset.o
 .bss           0x81017008        0x0 binaries/send.o
 .bss           0x81017008        0x0 binaries/signal.o
 .bss           0x81017008        0x0 binaries/signaln.o
 .bss           0x81017008        0x0 binaries/sleep.o
 .bss           0x81017008        0x0 binaries/subscribe.o
 .bss           0x81017008        0x0 binaries/suspend.o
 .bss           0x81017008        0x0 binaries/topicsInit.o
 .bss           0x81017008        0x0 binaries/unsleep.o
 .bss           0x81017008        0x0 binaries/unsubscribe.o
 .bss           0x81017008        0x0 binaries/userret.o
 .bss           0x81017008        0x0 binaries/wait.o
 .bss           0x81017008        0x0 binaries/wakeup.o
 .bss           0x81017008        0x0 binaries/write.o
 .bss           0x81017008        0x0 binaries/xdone.o
 .bss           0x81017008        0x0 binaries/yield.o
 .bss           0x81017008        0x0 binaries/abs.o
 .bss           0x81017008        0x0 binaries/atoi.o
 .bss           0x81017008        0x0 binaries/atol.o
 .bss           0x81017008        0x0 binaries/bzero.o
 .bss           0x81017008        0x0 binaries/ctype_.o
 .bss           0x81017008        0x0 binaries/doprnt.o
 .bss           0x81017008        0x0 binaries/doscan.o
 .bss           0x81017008        0x0 binaries/fdoprnt.o
 .bss           0x81017008        0x0 binaries/fgetc.o
 .bss           0x81017008        0x0 binaries/fgets.o
 .bss           0x81017008        0x0 binaries/fprintf.o
 .bss           0x81017008        0x0 binaries/fputc.o
 .bss           0x81017008        0x0 binaries/fputs.o
 .bss           0x81017008        0x0 binaries/fscanf.o
 .bss           0x81017008        0x0 binaries/getchar.o
 .bss           0x81017008        0x0 binaries/labs.o
 .bss           0x81017008        0x0 binaries/memchr.o
 .bss           0x81017008        0x0 binaries/memcmp.o
 .bss           0x81017008        0x0 binaries/memcpy.o
 .bss           0x81017008        0x0 binaries/memset.o
 .bss           0x81017008        0x0 binaries/printf.o
 .bss           0x81017008        0x0 binaries/putchar.o
 .bss           0x81017008        0x8 binaries/qsort.o
 .bss           0x81017010        0x0 binaries/rand.o
 .bss           0x81017010        0x0 binaries/sprintf.o
 .bss           0x81017010        0x0 binaries/sscanf.o
 .bss           0x81017010        0x0 binaries/strchr.o
 .bss           0x81017010        0x0 binaries/strcmp.o
 .bss           0x81017010        0x0 binaries/strcpy.o
 .bss           0x81017010        0x0 binaries/strlen.o
 .bss           0x81017010        0x0 binaries/strncat.o
 .bss           0x81017010        0x0 binaries/strncmp.o
 .bss           0x81017010        0x0 binaries/strncpy.o
 .bss           0x81017010        0x0 binaries/strnlen.o
 .bss           0x81017010        0x0 binaries/strrchr.o
 .bss           0x81017010        0x0 binaries/strstr.o
 .bss           0x81017010        0x0 binaries/ttycontrol.o
 .bss           0x81017010        0x0 binaries/ttygetc.o
 .bss           0x81017010        0x0 binaries/ttyhandle_in.o
 .bss           0x81017010        0x0 binaries/ttyhandle_out.o
 .bss           0x81017010        0x0 binaries/ttyhandler.o
 .bss           0x81017010        0x0 binaries/ttyinit.o
 .bss           0x81017010        0x0 binaries/ttykickout.o
 .bss           0x81017010        0x0 binaries/ttyputc.o
 .bss           0x81017010        0x0 binaries/ttyread.o
 .bss           0x81017010        0x0 binaries/ttywrite.o
 .bss           0x81017010        0x0 binaries/mount.o
 .bss           0x81017010        0x0 binaries/naminit.o
 .bss           0x81017010        0x0 binaries/nammap.o
 .bss           0x81017010        0x0 binaries/namopen.o
 .bss           0x81017010        0x0 binaries/ethcontrol.o
 .bss           0x81017010        0x0 binaries/ethhandler.o
 .bss           0x81017010        0x0 binaries/ethinit.o
 .bss           0x81017010        0x0 binaries/ethread.o
 .bss           0x81017010        0x0 binaries/ethwrite.o
 .bss           0x81017010        0x0 binaries/rdsbufalloc.o
 .bss           0x81017010        0x0 binaries/rdsclose.o
 .bss           0x81017010        0x0 binaries/rdscomm.o
 .bss           0x81017010        0x0 binaries/rdscontrol.o
 .bss           0x81017010        0x0 binaries/rdsinit.o
 .bss           0x81017010        0x0 binaries/rdsopen.o
 .bss           0x81017010        0x0 binaries/rdsprocess.o
 .bss           0x81017010        0x0 binaries/rdsread.o
 .bss           0x81017010        0x0 binaries/rdswrite.o
 .bss           0x81017010        0x0 binaries/ramclose.o
 .bss           0x81017010        0x0 binaries/raminit.o
 .bss           0x81017010        0x0 binaries/ramopen.o
 .bss           0x81017010        0x0 binaries/ramread.o
 .bss           0x81017010        0x0 binaries/ramwrite.o
 .bss           0x81017010        0x0 binaries/lfdballoc.o
 .bss           0x81017010        0x0 binaries/lfdbfree.o
 .bss           0x81017010        0x0 binaries/lfflush.o
 .bss           0x81017010        0x0 binaries/lfgetmode.o
 .bss           0x81017010        0x0 binaries/lfiballoc.o
 .bss           0x81017010        0x0 binaries/lfibclear.o
 .bss           0x81017010        0x0 binaries/lfibget.o
 .bss           0x81017010        0x0 binaries/lfibput.o
 .bss           0x81017010        0x0 binaries/lflclose.o
 .bss           0x81017010        0x0 binaries/lflcontrol.o
 .bss           0x81017010        0x0 binaries/lflgetc.o
 .bss           0x81017010        0x0 binaries/lflinit.o
 .bss           0x81017010        0x0 binaries/lflputc.o
 .bss           0x81017010        0x0 binaries/lflread.o
 .bss           0x81017010        0x0 binaries/lflseek.o
 .bss           0x81017010        0x0 binaries/lflwrite.o
 .bss           0x81017010        0x0 binaries/lfscheck.o
 .bss           0x81017010        0x0 binaries/lfsckfmt.o
 .bss           0x81017010        0x0 binaries/lfscreate.o
 .bss           0x81017010        0x0 binaries/lfsetup.o
 .bss           0x81017010        0x0 binaries/lfsinit.o
 .bss           0x81017010        0x0 binaries/lfsopen.o
 .bss           0x81017010        0x0 binaries/lftruncate.o
 .bss           0x81017010        0x0 binaries/rflclose.o
 .bss           0x81017010        0x0 binaries/rflgetc.o
 .bss           0x81017010        0x0 binaries/rflinit.o
 .bss           0x81017010        0x0 binaries/rflputc.o
 .bss           0x81017010        0x0 binaries/rflread.o
 .bss           0x81017010        0x0 binaries/rflseek.o
 .bss           0x81017010        0x0 binaries/rflwrite.o
 .bss           0x81017010        0x0 binaries/rfscomm.o
 .bss           0x81017010        0x0 binaries/rfscontrol.o
 .bss           0x81017010        0x0 binaries/rfsgetmode.o
 .bss           0x81017010        0x0 binaries/rfsinit.o
 .bss           0x81017010        0x0 binaries/rfsndmsg.o
 .bss           0x81017010        0x0 binaries/rfsopen.o
 .bss           0x81017010        0x0 binaries/spicontrol.o
 .bss           0x81017010        0x0 binaries/spiinit.o
 .bss           0x81017010        0x0 binaries/gpio_write.o
 .bss           0x81017010        0x0 binaries/ledinit.o
 .bss           0x81017010        0x0 binaries/ledputc.o
 .bss           0x81017010        0x0 binaries/arp.o
 .bss           0x81017010        0x0 binaries/dhcp.o
 .bss           0x81017010        0x0 binaries/dns.o
 .bss           0x81017010        0x0 binaries/dot2ip.o
 .bss           0x81017010        0x0 binaries/hexdump.o
 .bss           0x81017010        0x0 binaries/icmp.o
 .bss           0x81017010        0x0 binaries/ip.o
 .bss           0x81017010        0x0 binaries/net.o
 .bss           0x81017010        0x0 binaries/pdump.o
 .bss           0x81017010        0x0 binaries/tftp.o
 .bss           0x81017010        0x0 binaries/udp.o
 .bss           0x81017010        0x0 binaries/addargs.o
 .bss           0x81017010        0x0 binaries/lexan.o
 .bss           0x81017010        0x0 binaries/shell.o
 .bss           0x81017010        0x0 binaries/xsh_argecho.o
 .bss           0x81017010        0x0 binaries/xsh_arp.o
 .bss           0x81017010        0x0 binaries/xsh_cat.o
 .bss           0x81017010        0x0 binaries/xsh_clear.o
 .bss           0x81017010        0x0 binaries/xsh_date.o
 .bss           0x81017010        0x0 binaries/xsh_devdump.o
 .bss           0x81017010        0x0 binaries/xsh_echo.o
 .bss           0x81017010        0x0 binaries/xsh_exit.o
 .bss           0x81017010        0x0 binaries/xsh_help.o
 .bss           0x81017010        0x0 binaries/xsh_kill.o
 .bss           0x81017010        0x0 binaries/xsh_memdump.o
 .bss           0x81017010        0x0 binaries/xsh_memstat.o
 .bss           0x81017010        0x0 binaries/xsh_netinfo.o
 .bss           0x81017010        0x4 binaries/xsh_ping.o
 .bss           0x81017014        0x0 binaries/xsh_ps.o
 .bss           0x81017014        0x0 binaries/xsh_sleep.o
 .bss           0x81017014        0x0 binaries/xsh_udpdump.o
 .bss           0x81017014        0x0 binaries/xsh_udpecho.o
 .bss           0x81017014        0x0 binaries/xsh_udpserver.o
 .bss           0x81017014        0x0 binaries/xsh_uptime.o
 .bss           0x81017014        0x0 binaries/ctxsw.o
 .bss           0x81017014        0x0 binaries/intr.o
 .bss           0x81017014        0x0 ../cross_compiler/lib/gcc/arm-none-eabi/4.8.1//libgcc.a(_udivsi3.o)
 .bss           0x81017014        0x0 ../cross_compiler/lib/gcc/arm-none-eabi/4.8.1//libgcc.a(_divsi3.o)
 .bss           0x81017014        0x0 ../cross_compiler/lib/gcc/arm-none-eabi/4.8.1//libgcc.a(_dvmd_tls.o)
 .bss           0x81017014        0x0 ../cross_compiler/lib/gcc/arm-none-eabi/4.8.1//libgcc.a(_arm_muldivdf3.o)
 .bss           0x81017014        0x0 ../cross_compiler/lib/gcc/arm-none-eabi/4.8.1//libgcc.a(_arm_cmpdf2.o)
 .bss           0x81017014        0x0 ../cross_compiler/lib/gcc/arm-none-eabi/4.8.1//libgcc.a(_arm_fixdfsi.o)
 *(COMMON)
 COMMON         0x81017014       0xf4 binaries/bufinit.o
                0x81017014                buftab
                0x81017104                nbpools
 COMMON         0x81017108       0x10 binaries/clkinit.o
                0x81017108                sleepq
                0x8101710c                clktime_ms
                0x81017110                preempt
                0x81017114                clktime
 COMMON         0x81017118      0x200 binaries/evec.o
                0x81017118                intc_vector
 COMMON         0x81017318        0x2 binaries/hexToDec.o
                0x81017318                result
 *fill*         0x8101731a        0x2 
 COMMON         0x8101731c    0x15640 binaries/initialize.o
                0x8101731c                currpid
                0x81017320                proctab
                0x81025290                prcount
                0x81025294                semtab
                0x810260a4                pendingPublishQueue
                0x81026154                topicTab
                0x8102c954                memlist
 COMMON         0x8102c95c        0x8 binaries/main.o
                0x8102c95c                A
                0x8102c960                B
 COMMON         0x8102c964       0x58 binaries/mark.o
                0x8102c964                marks
                0x8102c9b4                nmarks
                0x8102c9b8                mkmutex
 COMMON         0x8102c9bc        0x8 binaries/meminit.o
                0x8102c9bc                minheap
                0x8102c9c0                maxheap
 COMMON         0x8102c9c4      0x2d8 binaries/ptinit.o
                0x8102c9c4                porttab
                0x8102cc94                ptnextid
                0x8102cc98                ptfree
 COMMON         0x8102cc9c     0x1600 binaries/queue.o
                0x8102cc9c                queuetab
 COMMON         0x8102e29c        0x2 binaries/ready.o
                0x8102e29c                readylist
 *fill*         0x8102e29e        0x2 
 COMMON         0x8102e2a0        0x8 binaries/resched.o
                0x8102e2a0                Defer
 COMMON         0x8102e2a8      0x110 binaries/ttyinit.o
                0x8102e2a8                ttytab
 COMMON         0x8102e3b8     0x19a4 binaries/naminit.o
                0x8102e3b8                nnames
                0x8102e3bc                nametab
 COMMON         0x8102fd5c      0x154 binaries/ethinit.o
                0x8102fd5c                eth_a_regs
                0x8102fd78                ethertab
 COMMON         0x8102feb0       0x8c binaries/rdsinit.o
                0x8102feb0                rdstab
 COMMON         0x8102ff3c    0x19000 binaries/raminit.o
                0x8102ff3c                Ram
 COMMON         0x81048f3c      0xf00 binaries/lflinit.o
                0x81048f3c                lfltab
 COMMON         0x81049e3c      0x20c binaries/lfsinit.o
                0x81049e3c                Lf_data
 COMMON         0x8104a048      0x5a0 binaries/rflinit.o
                0x8104a048                rfltab
 COMMON         0x8104a5e8       0x18 binaries/rfsinit.o
                0x8104a5e8                Rf_data
 COMMON         0x8104a600        0x1 binaries/ledinit.o
                0x8104a600                ledtab
 *fill*         0x8104a601        0x3 
 COMMON         0x8104a604      0x140 binaries/arp.o
                0x8104a604                arpcache
 COMMON         0x8104a744      0x230 binaries/icmp.o
                0x8104a744                icmptab
 COMMON         0x8104a974       0x2c binaries/ip.o
                0x8104a974                ipoqueue
 COMMON         0x8104a9a0       0xb8 binaries/net.o
                0x8104a9a0                netbufpool
                0x8104a9a4                netportseed
                0x8104a9a8                NetData
 COMMON         0x8104aa58      0x168 binaries/udp.o
                0x8104aa58                udptab
                0x8104abc0                ebss = ABSOLUTE (.)
                0x8104b000                . = ALIGN (0x1000)
 *fill*         0x8104abc0      0x440 
 */()
                0x8104b000                end = ABSOLUTE (.)
                0x8104b000                _end = ABSOLUTE (.)
                0x8104b000                . = ALIGN (0x1000)
LOAD binaries/start.o
LOAD binaries/ascdate.o
LOAD binaries/broker.o
LOAD binaries/bufinit.o
LOAD binaries/chprio.o
LOAD binaries/clkhandler.o
LOAD binaries/clkinit.o
LOAD binaries/close.o
LOAD binaries/conf.o
LOAD binaries/control.o
LOAD binaries/create.o
LOAD binaries/evec.o
LOAD binaries/exit.o
LOAD binaries/freebuf.o
LOAD binaries/freemem.o
LOAD binaries/getbuf.o
LOAD binaries/getc.o
LOAD binaries/getdev.o
LOAD binaries/getitem.o
LOAD binaries/getmem.o
LOAD binaries/getpid.o
LOAD binaries/getprio.o
LOAD binaries/getstk.o
LOAD binaries/getticks.o
LOAD binaries/gettime.o
LOAD binaries/getutime.o
[...]
 .ARM.attributes
                0x00001efe       0x35 binaries/ramopen.o
 .ARM.attributes
                0x00001f33       0x35 binaries/ramread.o
 .ARM.attributes
                0x00001f68       0x35 binaries/ramwrite.o
 .ARM.attributes
                0x00001f9d       0x35 binaries/lfdballoc.o
 .ARM.attributes
                0x00001fd2       0x35 binaries/lfdbfree.o
 .ARM.attributes
                0x00002007       0x35 binaries/lfflush.o
 .ARM.attributes
                0x0000203c       0x35 binaries/lfgetmode.o
 .ARM.attributes
                0x00002071       0x35 binaries/lfiballoc.o
 .ARM.attributes
                0x000020a6       0x35 binaries/lfibclear.o
 .ARM.attributes
                0x000020db       0x35 binaries/lfibget.o
 .ARM.attributes
                0x00002110       0x35 binaries/lfibput.o
 .ARM.attributes
                0x00002145       0x35 binaries/lflclose.o
 .ARM.attributes
                0x0000217a       0x35 binaries/lflcontrol.o
 .ARM.attributes
                0x000021af       0x35 binaries/lflgetc.o
 .ARM.attributes
                0x000021e4       0x35 binaries/lflinit.o
 .ARM.attributes
                0x00002219       0x35 binaries/lflputc.o
 .ARM.attributes
                0x0000224e       0x35 binaries/lflread.o
 .ARM.attributes
                0x00002283       0x35 binaries/lflseek.o
 .ARM.attributes
                0x000022b8       0x35 binaries/lflwrite.o
 .ARM.attributes
                0x000022ed       0x35 binaries/lfscheck.o
 .ARM.attributes
                0x00002322       0x35 binaries/lfsckfmt.o
 .ARM.attributes
                0x00002357       0x35 binaries/lfscreate.o
 .ARM.attributes
                0x0000238c       0x35 binaries/lfsetup.o
 .ARM.attributes
                0x000023c1       0x35 binaries/lfsinit.o
 .ARM.attributes
                0x000023f6       0x35 binaries/lfsopen.o
 .ARM.attributes
                0x0000242b       0x35 binaries/lftruncate.o
 .ARM.attributes
                0x00002460       0x35 binaries/rflclose.o
 .ARM.attributes
                0x00002495       0x35 binaries/rflgetc.o
 .ARM.attributes
                0x000024ca       0x35 binaries/rflinit.o
 .ARM.attributes
                0x000024ff       0x35 binaries/rflputc.o
 .ARM.attributes
                0x00002534       0x35 binaries/rflread.o
 .ARM.attributes
                0x00002569       0x35 binaries/rflseek.o
 .ARM.attributes
                0x0000259e       0x35 binaries/rflwrite.o
 .ARM.attributes
                0x000025d3       0x35 binaries/rfscomm.o
 .ARM.attributes
                0x00002608       0x35 binaries/rfscontrol.o
 .ARM.attributes
                0x0000263d       0x35 binaries/rfsgetmode.o
 .ARM.attributes
                0x00002672       0x35 binaries/rfsinit.o
 .ARM.attributes
                0x000026a7       0x35 binaries/rfsndmsg.o
 .ARM.attributes
                0x000026dc       0x35 binaries/rfsopen.o
 .ARM.attributes
                0x00002711       0x35 binaries/spicontrol.o
 .ARM.attributes
                0x00002746       0x35 binaries/spiinit.o
 .ARM.attributes
                0x0000277b       0x35 binaries/gpio_write.o
 .ARM.attributes
                0x000027b0       0x35 binaries/ledinit.o
 .ARM.attributes
                0x000027e5       0x35 binaries/ledputc.o
 .ARM.attributes
                0x0000281a       0x35 binaries/arp.o
 .ARM.attributes
                0x0000284f       0x35 binaries/dhcp.o
 .ARM.attributes
                0x00002884       0x35 binaries/dns.o
 .ARM.attributes
                0x000028b9       0x35 binaries/dot2ip.o
 .ARM.attributes
                0x000028ee       0x35 binaries/hexdump.o
 .ARM.attributes
                0x00002923       0x35 binaries/icmp.o
 .ARM.attributes
                0x00002958       0x35 binaries/ip.o
 .ARM.attributes
                0x0000298d       0x35 binaries/net.o
 .ARM.attributes
                0x000029c2       0x35 binaries/pdump.o
 .ARM.attributes
                0x000029f7       0x35 binaries/tftp.o
 .ARM.attributes
                0x00002a2c       0x35 binaries/udp.o
 .ARM.attributes
                0x00002a61       0x35 binaries/addargs.o
 .ARM.attributes
                0x00002a96       0x35 binaries/lexan.o
 .ARM.attributes
                0x00002acb       0x35 binaries/shell.o
 .ARM.attributes
                0x00002b00       0x35 binaries/xsh_argecho.o
 .ARM.attributes
                0x00002b35       0x35 binaries/xsh_arp.o
 .ARM.attributes
                0x00002b6a       0x35 binaries/xsh_cat.o
 .ARM.attributes
                0x00002b9f       0x35 binaries/xsh_clear.o
 .ARM.attributes
                0x00002bd4       0x35 binaries/xsh_date.o
 .ARM.attributes
                0x00002c09       0x35 binaries/xsh_devdump.o
 .ARM.attributes
                0x00002c3e       0x35 binaries/xsh_echo.o
 .ARM.attributes
                0x00002c73       0x35 binaries/xsh_exit.o
 .ARM.attributes
                0x00002ca8       0x35 binaries/xsh_help.o
 .ARM.attributes
                0x00002cdd       0x35 binaries/xsh_kill.o
 .ARM.attributes
                0x00002d12       0x35 binaries/xsh_memdump.o
 .ARM.attributes
                0x00002d47       0x35 binaries/xsh_memstat.o
 .ARM.attributes
                0x00002d7c       0x35 binaries/xsh_netinfo.o
 .ARM.attributes
                0x00002db1       0x35 binaries/xsh_ping.o
 .ARM.attributes
                0x00002de6       0x35 binaries/xsh_ps.o
 .ARM.attributes
                0x00002e1b       0x35 binaries/xsh_sleep.o
 .ARM.attributes
                0x00002e50       0x35 binaries/xsh_udpdump.o
 .ARM.attributes
                0x00002e85       0x35 binaries/xsh_udpecho.o
 .ARM.attributes
                0x00002eba       0x35 binaries/xsh_udpserver.o
 .ARM.attributes
                0x00002eef       0x35 binaries/xsh_uptime.o
 .ARM.attributes
                0x00002f24       0x25 binaries/ctxsw.o
 .ARM.attributes
                0x00002f49       0x25 binaries/intr.o
 .ARM.attributes
                0x00002f6e       0x18 ../cross_compiler/lib/gcc/arm-none-eabi/4.8.1//libgcc.a(_udivsi3.o)
 .ARM.attributes
                0x00002f86       0x18 ../cross_compiler/lib/gcc/arm-none-eabi/4.8.1//libgcc.a(_divsi3.o)
 .ARM.attributes
                0x00002f9e       0x18 ../cross_compiler/lib/gcc/arm-none-eabi/4.8.1//libgcc.a(_dvmd_tls.o)
 .ARM.attributes
                0x00002fb6       0x18 ../cross_compiler/lib/gcc/arm-none-eabi/4.8.1//libgcc.a(_arm_muldivdf3.o)
 .ARM.attributes
                0x00002fce       0x18 ../cross_compiler/lib/gcc/arm-none-eabi/4.8.1//libgcc.a(_arm_cmpdf2.o)
 .ARM.attributes
                0x00002fe6       0x18 ../cross_compiler/lib/gcc/arm-none-eabi/4.8.1//libgcc.a(_arm_fixdfsi.o)

.comment        0x00000000       0x30
 .comment       0x00000000       0x30 binaries/ascdate.o
                                 0x31 (size before relaxing)
 .comment       0x00000000       0x31 binaries/broker.o
 .comment       0x00000000       0x31 binaries/bufinit.o
 .comment       0x00000000       0x31 binaries/chprio.o
 .comment       0x00000000       0x31 binaries/clkhandler.o
 .comment       0x00000000       0x31 binaries/clkinit.o
 .comment       0x00000000       0x31 binaries/close.o
 .comment       0x00000000       0x31 binaries/conf.o
 .comment       0x00000000       0x31 binaries/control.o
 .comment       0x00000000       0x31 binaries/create.o
 .comment       0x00000000       0x31 binaries/evec.o
 .comment       0x00000000       0x31 binaries/exit.o
 .comment       0x00000000       0x31 binaries/freebuf.o
 .comment       0x00000000       0x31 binaries/freemem.o
 .comment       0x00000000       0x31 binaries/getbuf.o
 .comment       0x00000000       0x31 binaries/getc.o
 .comment       0x00000000       0x31 binaries/getdev.o
 .comment       0x00000000       0x31 binaries/getitem.o
 .comment       0x00000000       0x31 binaries/getmem.o
 .comment       0x00000000       0x31 binaries/getpid.o
 .comment       0x00000000       0x31 binaries/getprio.o
 .comment       0x00000000       0x31 binaries/getstk.o
 .comment       0x00000000       0x31 binaries/getticks.o
 .comment       0x00000000       0x31 binaries/gettime.o
 .comment       0x00000000       0x31 binaries/getutime.o
 .comment       0x00000000       0x31 binaries/hexToDec.o
 .comment       0x00000000       0x31 binaries/init.o
 .comment       0x00000000       0x31 binaries/initialize.o
 .comment       0x00000000       0x31 binaries/insert.o
 .comment       0x00000000       0x31 binaries/insertd.o
 .comment       0x00000000       0x31 binaries/ioerr.o
 .comment       0x00000000       0x31 binaries/ionull.o
 .comment       0x00000000       0x31 binaries/kill.o
 .comment       0x00000000       0x31 binaries/kprintf.o
 .comment       0x00000000       0x31 binaries/ledOff.o
 .comment       0x00000000       0x31 binaries/ledOn.o
 .comment       0x00000000       0x31 binaries/main.o
 .comment       0x00000000       0x31 binaries/makeCopy.o
 .comment       0x00000000       0x31 binaries/mark.o
 .comment       0x00000000       0x31 binaries/meminit.o
 .comment       0x00000000       0x31 binaries/mkbufpool.o
 .comment       0x00000000       0x31 binaries/newqueue.o
 .comment       0x00000000       0x31 binaries/open.o
 .comment       0x00000000       0x31 binaries/panic.o
 .comment       0x00000000       0x31 binaries/platinit.o
 .comment       0x00000000       0x31 binaries/ptclear.o
 .comment       0x00000000       0x31 binaries/ptcount.o
 .comment       0x00000000       0x31 binaries/ptcreate.o
 .comment       0x00000000       0x31 binaries/ptdelete.o
 .comment       0x00000000       0x31 binaries/ptinit.o
 .comment       0x00000000       0x31 binaries/ptrecv.o
 .comment       0x00000000       0x31 binaries/ptreset.o
 .comment       0x00000000       0x31 binaries/ptsend.o
 .comment       0x00000000       0x31 binaries/publish.o
 .comment       0x00000000       0x31 binaries/putc.o
 .comment       0x00000000       0x31 binaries/queue.o
 .comment       0x00000000       0x31 binaries/read.o
 .comment       0x00000000       0x31 binaries/ready.o
 .comment       0x00000000       0x31 binaries/receive.o
 .comment       0x00000000       0x31 binaries/recvclr.o
 .comment       0x00000000       0x31 binaries/recvtime.o
 .comment       0x00000000       0x31 binaries/resched.o
 .comment       0x00000000       0x31 binaries/resume.o
 .comment       0x00000000       0x31 binaries/seek.o
 .comment       0x00000000       0x31 binaries/semcount.o
 .comment       0x00000000       0x31 binaries/semcreate.o
 .comment       0x00000000       0x31 binaries/semdelete.o
 .comment       0x00000000       0x31 binaries/semreset.o
 .comment       0x00000000       0x31 binaries/send.o
 .comment       0x00000000       0x31 binaries/signal.o
 .comment       0x00000000       0x31 binaries/signaln.o
 .comment       0x00000000       0x31 binaries/sleep.o
 .comment       0x00000000       0x31 binaries/subscribe.o
 .comment       0x00000000       0x31 binaries/suspend.o
 .comment       0x00000000       0x31 binaries/topicsInit.o
 .comment       0x00000000       0x31 binaries/unsleep.o
 .comment       0x00000000       0x31 binaries/unsubscribe.o
 .comment       0x00000000       0x31 binaries/userret.o
 .comment       0x00000000       0x31 binaries/wait.o
 .comment       0x00000000       0x31 binaries/wakeup.o
 .comment       0x00000000       0x31 binaries/write.o
 .comment       0x00000000       0x31 binaries/xdone.o
 .comment       0x00000000       0x31 binaries/yield.o
 .comment       0x00000000       0x31 binaries/abs.o
 .comment       0x00000000       0x31 binaries/atoi.o
 .comment       0x00000000       0x31 binaries/atol.o
 .comment       0x00000000       0x31 binaries/bzero.o
 .comment       0x00000000       0x31 binaries/ctype_.o
 .comment       0x00000000       0x31 binaries/doprnt.o
 .comment       0x00000000       0x31 binaries/doscan.o
 .comment       0x00000000       0x31 binaries/fdoprnt.o
 .comment       0x00000000       0x31 binaries/fgetc.o
 .comment       0x00000000       0x31 binaries/fgets.o
 .comment       0x00000000       0x31 binaries/fprintf.o
 .comment       0x00000000       0x31 binaries/fputc.o
 .comment       0x00000000       0x31 binaries/fputs.o
 .comment       0x00000000       0x31 binaries/fscanf.o
 .comment       0x00000000       0x31 binaries/getchar.o
 .comment       0x00000000       0x31 binaries/labs.o
 .comment       0x00000000       0x31 binaries/memchr.o
 .comment       0x00000000       0x31 binaries/memcmp.o
 .comment       0x00000000       0x31 binaries/memcpy.o
 .comment       0x00000000       0x31 binaries/memset.o
 .comment       0x00000000       0x31 binaries/printf.o
 .comment       0x00000000       0x31 binaries/putchar.o
 .comment       0x00000000       0x31 binaries/qsort.o
 .comment       0x00000000       0x31 binaries/rand.o
 .comment       0x00000000       0x31 binaries/sprintf.o
 .comment       0x00000000       0x31 binaries/sscanf.o
 .comment       0x00000000       0x31 binaries/strchr.o
 .comment       0x00000000       0x31 binaries/strcmp.o
 .comment       0x00000000       0x31 binaries/strcpy.o
 .comment       0x00000000       0x31 binaries/strlen.o
 .comment       0x00000000       0x31 binaries/strncat.o
 .comment       0x00000000       0x31 binaries/strncmp.o
 .comment       0x00000000       0x31 binaries/strncpy.o
 .comment       0x00000000       0x31 binaries/strnlen.o
 .comment       0x00000000       0x31 binaries/strrchr.o
 .comment       0x00000000       0x31 binaries/strstr.o
 .comment       0x00000000       0x31 binaries/ttycontrol.o
 .comment       0x00000000       0x31 binaries/ttygetc.o
 .comment       0x00000000       0x31 binaries/ttyhandle_in.o
 .comment       0x00000000       0x31 binaries/ttyhandle_out.o
 .comment       0x00000000       0x31 binaries/ttyhandler.o
 .comment       0x00000000       0x31 binaries/ttyinit.o
 .comment       0x00000000       0x31 binaries/ttykickout.o
 .comment       0x00000000       0x31 binaries/ttyputc.o
 .comment       0x00000000       0x31 binaries/ttyread.o
 .comment       0x00000000       0x31 binaries/ttywrite.o
 .comment       0x00000000       0x31 binaries/mount.o
 .comment       0x00000000       0x31 binaries/naminit.o
 .comment       0x00000000       0x31 binaries/nammap.o
 .comment       0x00000000       0x31 binaries/namopen.o
 .comment       0x00000000       0x31 binaries/ethcontrol.o
 .comment       0x00000000       0x31 binaries/ethhandler.o
 .comment       0x00000000       0x31 binaries/ethinit.o
 .comment       0x00000000       0x31 binaries/ethread.o
 .comment       0x00000000       0x31 binaries/ethwrite.o
 .comment       0x00000000       0x31 binaries/rdsbufalloc.o
 .comment       0x00000000       0x31 binaries/rdsclose.o
 .comment       0x00000000       0x31 binaries/rdscomm.o
 .comment       0x00000000       0x31 binaries/rdscontrol.o
 .comment       0x00000000       0x31 binaries/rdsinit.o
 .comment       0x00000000       0x31 binaries/rdsopen.o
 .comment       0x00000000       0x31 binaries/rdsprocess.o
 .comment       0x00000000       0x31 binaries/rdsread.o
 .comment       0x00000000       0x31 binaries/rdswrite.o
 .comment       0x00000000       0x31 binaries/ramclose.o
 .comment       0x00000000       0x31 binaries/raminit.o
 .comment       0x00000000       0x31 binaries/ramopen.o
 .comment       0x00000000       0x31 binaries/ramread.o
 .comment       0x00000000       0x31 binaries/ramwrite.o
 .comment       0x00000000       0x31 binaries/lfdballoc.o
 .comment       0x00000000       0x31 binaries/lfdbfree.o
 .comment       0x00000000       0x31 binaries/lfflush.o
 .comment       0x00000000       0x31 binaries/lfgetmode.o
 .comment       0x00000000       0x31 binaries/lfiballoc.o
 .comment       0x00000000       0x31 binaries/lfibclear.o
 .comment       0x00000000       0x31 binaries/lfibget.o
 .comment       0x00000000       0x31 binaries/lfibput.o
 .comment       0x00000000       0x31 binaries/lflclose.o
 .comment       0x00000000       0x31 binaries/lflcontrol.o
 .comment       0x00000000       0x31 binaries/lflgetc.o
 .comment       0x00000000       0x31 binaries/lflinit.o
 .comment       0x00000000       0x31 binaries/lflputc.o
 .comment       0x00000000       0x31 binaries/lflread.o
 .comment       0x00000000       0x31 binaries/lflseek.o
 .comment       0x00000000       0x31 binaries/lflwrite.o
 .comment       0x00000000       0x31 binaries/lfscheck.o
 .comment       0x00000000       0x31 binaries/lfsckfmt.o
 .comment       0x00000000       0x31 binaries/lfscreate.o
 .comment       0x00000000       0x31 binaries/lfsetup.o
 .comment       0x00000000       0x31 binaries/lfsinit.o
 .comment       0x00000000       0x31 binaries/lfsopen.o
 .comment       0x00000000       0x31 binaries/lftruncate.o
 .comment       0x00000000       0x31 binaries/rflclose.o
 .comment       0x00000000       0x31 binaries/rflgetc.o
 .comment       0x00000000       0x31 binaries/rflinit.o
 .comment       0x00000000       0x31 binaries/rflputc.o
 .comment       0x00000000       0x31 binaries/rflread.o
 .comment       0x00000000       0x31 binaries/rflseek.o
 .comment       0x00000000       0x31 binaries/rflwrite.o
 .comment       0x00000000       0x31 binaries/rfscomm.o
 .comment       0x00000000       0x31 binaries/rfscontrol.o
 .comment       0x00000000       0x31 binaries/rfsgetmode.o
 .comment       0x00000000       0x31 binaries/rfsinit.o
 .comment       0x00000000       0x31 binaries/rfsndmsg.o
 .comment       0x00000000       0x31 binaries/rfsopen.o
 .comment       0x00000000       0x31 binaries/spicontrol.o
 .comment       0x00000000       0x31 binaries/spiinit.o
 .comment       0x00000000       0x31 binaries/gpio_write.o
 .comment       0x00000000       0x31 binaries/ledinit.o
 .comment       0x00000000       0x31 binaries/ledputc.o
 .comment       0x00000000       0x31 binaries/arp.o
 .comment       0x00000000       0x31 binaries/dhcp.o
 .comment       0x00000000       0x31 binaries/dns.o
 .comment       0x00000000       0x31 binaries/dot2ip.o
 .comment       0x00000000       0x31 binaries/hexdump.o
 .comment       0x00000000       0x31 binaries/icmp.o
 .comment       0x00000000       0x31 binaries/ip.o
 .comment       0x00000000       0x31 binaries/net.o
 .comment       0x00000000       0x31 binaries/pdump.o
 .comment       0x00000000       0x31 binaries/tftp.o
 .comment       0x00000000       0x31 binaries/udp.o
 .comment       0x00000000       0x31 binaries/addargs.o
 .comment       0x00000000       0x31 binaries/lexan.o
 .comment       0x00000000       0x31 binaries/shell.o
 .comment       0x00000000       0x31 binaries/xsh_argecho.o
 .comment       0x00000000       0x31 binaries/xsh_arp.o
 .comment       0x00000000       0x31 binaries/xsh_cat.o
 .comment       0x00000000       0x31 binaries/xsh_clear.o
 .comment       0x00000000       0x31 binaries/xsh_date.o
 .comment       0x00000000       0x31 binaries/xsh_devdump.o
 .comment       0x00000000       0x31 binaries/xsh_echo.o
 .comment       0x00000000       0x31 binaries/xsh_exit.o
 .comment       0x00000000       0x31 binaries/xsh_help.o
 .comment       0x00000000       0x31 binaries/xsh_kill.o
 .comment       0x00000000       0x31 binaries/xsh_memdump.o
 .comment       0x00000000       0x31 binaries/xsh_memstat.o
 .comment       0x00000000       0x31 binaries/xsh_netinfo.o
 .comment       0x00000000       0x31 binaries/xsh_ping.o
 .comment       0x00000000       0x31 binaries/xsh_ps.o
 .comment       0x00000000       0x31 binaries/xsh_sleep.o
 .comment       0x00000000       0x31 binaries/xsh_udpdump.o
 .comment       0x00000000       0x31 binaries/xsh_udpecho.o
 .comment       0x00000000       0x31 binaries/xsh_udpserver.o
 .comment       0x00000000       0x31 binaries/xsh_uptime.o

.debug_frame    0x00000000       0x40
 .debug_frame   0x00000000       0x20 ../cross_compiler/lib/gcc/arm-none-eabi/4.8.1//libgcc.a(_udivsi3.o)
 .debug_frame   0x00000020       0x20 ../cross_compiler/lib/gcc/arm-none-eabi/4.8.1//libgcc.a(_divsi3.o)
